// Jest Snapshot v1, https://goo.gl/fbAQLP

exports[`<PasswordField /> test which is used in forms 1`] = `
<div
  className="col-sm-8 col-md-8"
>
  <input
    aria-describedby={null}
    autoComplete="username"
    className="form-control"
    id="1"
    name="password"
    onBlur={[Function]}
    onFocus={[Function]}
    onMouseLeave={[Function]}
    onMouseOver={[Function]}
    onTouchEnd={[Function]}
    onTouchStart={[Function]}
    required={true}
    title="Message"
    type="password"
  />
</div>
`;
