// Jest Snapshot v1, https://goo.gl/fbAQLP

exports[`<TextField /> test which is used in forms 1`] = `
<div
  className="col-sm-8 col-md-8"
>
  <input
    aria-describedby={null}
    className="form-control"
    id="1"
    name="Name"
    onBlur={[Function]}
    onChange={[MockFunction]}
    onFocus={[Function]}
    onMouseLeave={[Function]}
    onMouseOver={[Function]}
    onTouchEnd={[Function]}
    onTouchStart={[Function]}
    required={true}
    title="Message"
    type="text"
    value="Value"
  />
</div>
`;
